// Jest Snapshot v1, https://goo.gl/fbAQLP

exports[`RecommendedVideoCard should matches snapshot 1`] = `
<DocumentFragment>
  <div
    class="MuiPaper-root MuiPaper-elevation MuiPaper-rounded MuiPaper-elevation1 MuiCard-root custom-class css-ir9bg2-MuiPaper-root-MuiCard-root-RecommendedVideoCardContainer-root"
    data-testid="recommended-video-card"
    style="--Paper-shadow: var(--mui-shadows-1); --Paper-overlay: var(--mui-overlays-1);"
  >
    <div
      class="MuiCardContent-root css-1lt5qva-MuiCardContent-root"
    >
      <div
        class="image-container MuiBox-root css-1vrfzzy-ImageContainer-root"
      >
        <img
          alt="Sample Video Title"
          data-nimg="1"
          decoding="async"
          height="72"
          loading="lazy"
          src="/_next/image?url=https%3A%2F%2Fexample.com%2Fsample.jpg&w=256&q=75"
          srcset="/_next/image?url=https%3A%2F%2Fexample.com%2Fsample.jpg&w=128&q=75 1x, /_next/image?url=https%3A%2F%2Fexample.com%2Fsample.jpg&w=256&q=75 2x"
          style="color: transparent;"
          width="113"
        />
        <p
          class="MuiTypography-root MuiTypography-bodySmall duration css-1pot96k-MuiTypography-root"
          data-testid="duration"
        >
          10:15
        </p>
      </div>
      <div
        class="video-detail MuiBox-root css-0"
      >
        <div
          class="MuiTypography-root MuiTypography-h5 css-1y8o188-MuiTypography-root"
          title="Sample Video Title"
        >
          Sample Video Title
        </div>
        <p
          class="MuiTypography-root MuiTypography-bodySmall date-time css-1pot96k-MuiTypography-root"
          data-testid="date-time"
        >
          Jan 01, 2024
        </p>
      </div>
    </div>
  </div>
</DocumentFragment>
`;
