// Jest Snapshot v1, https://goo.gl/fbAQLP

exports[`RecommendedVideoCard should matches snapshot 1`] = `
<DocumentFragment>
  <div
    class="MuiPaper-root MuiPaper-elevation MuiPaper-rounded MuiPaper-elevation1 MuiCard-root custom-class css-18r2xxk-MuiPaper-root-MuiCard-root-RecommendedVideoCardContainer-root"
    data-testid="recommended-video-card"
    style="--Paper-shadow: var(--mui-shadows-1); --Paper-overlay: var(--mui-overlays-1);"
  >
    <div
      class="MuiCardContent-root css-1lt5qva-MuiCardContent-root"
    >
      <img
        alt="Sample Video Title"
        data-nimg="1"
        decoding="async"
        height="72"
        loading="lazy"
        src="/_next/image?url=https%3A%2F%2Fexample.com%2Fsample.jpg&w=256&q=75"
        srcset="/_next/image?url=https%3A%2F%2Fexample.com%2Fsample.jpg&w=128&q=75 1x, /_next/image?url=https%3A%2F%2Fexample.com%2Fsample.jpg&w=256&q=75 2x"
        style="color: transparent;"
        width="113"
      />
      <div
        class="video-detail MuiBox-root css-0"
      >
        <div
          class="MuiTypography-root MuiTypography-h5 css-1ayj0vs-MuiTypography-root"
          title="Sample Video Title"
        >
          Sample Video Title
        </div>
        <p
          class="MuiTypography-root MuiTypography-body2 date-time css-ljgvyt-MuiTypography-root"
          data-testid="date-time"
        >
          Jan 01, 2024 
          <span>
            / 10:15
          </span>
        </p>
        <span
          aria-label="4 Stars"
          class="MuiRating-root MuiRating-sizeSmall Mui-readOnly MuiRating-readOnly css-1ynetyc-MuiRating-root"
          role="img"
        >
          <span>
            <span
              class="MuiRating-icon MuiRating-iconFilled css-1sagf1d-MuiRating-icon"
            >
              <svg
                aria-hidden="true"
                class="MuiSvgIcon-root MuiSvgIcon-fontSizeInherit css-8hoymy-MuiSvgIcon-root"
                data-testid="StarIcon"
                focusable="false"
                viewBox="0 0 24 24"
              >
                <path
                  d="M12 17.27L18.18 21l-1.64-7.03L22 9.24l-7.19-.61L12 2 9.19 8.63 2 9.24l5.46 4.73L5.82 21z"
                />
              </svg>
            </span>
          </span>
          <span>
            <span
              class="MuiRating-icon MuiRating-iconFilled css-1sagf1d-MuiRating-icon"
            >
              <svg
                aria-hidden="true"
                class="MuiSvgIcon-root MuiSvgIcon-fontSizeInherit css-8hoymy-MuiSvgIcon-root"
                data-testid="StarIcon"
                focusable="false"
                viewBox="0 0 24 24"
              >
                <path
                  d="M12 17.27L18.18 21l-1.64-7.03L22 9.24l-7.19-.61L12 2 9.19 8.63 2 9.24l5.46 4.73L5.82 21z"
                />
              </svg>
            </span>
          </span>
          <span>
            <span
              class="MuiRating-icon MuiRating-iconFilled css-1sagf1d-MuiRating-icon"
            >
              <svg
                aria-hidden="true"
                class="MuiSvgIcon-root MuiSvgIcon-fontSizeInherit css-8hoymy-MuiSvgIcon-root"
                data-testid="StarIcon"
                focusable="false"
                viewBox="0 0 24 24"
              >
                <path
                  d="M12 17.27L18.18 21l-1.64-7.03L22 9.24l-7.19-.61L12 2 9.19 8.63 2 9.24l5.46 4.73L5.82 21z"
                />
              </svg>
            </span>
          </span>
          <span>
            <span
              class="MuiRating-icon MuiRating-iconFilled css-1sagf1d-MuiRating-icon"
            >
              <svg
                aria-hidden="true"
                class="MuiSvgIcon-root MuiSvgIcon-fontSizeInherit css-8hoymy-MuiSvgIcon-root"
                data-testid="StarIcon"
                focusable="false"
                viewBox="0 0 24 24"
              >
                <path
                  d="M12 17.27L18.18 21l-1.64-7.03L22 9.24l-7.19-.61L12 2 9.19 8.63 2 9.24l5.46 4.73L5.82 21z"
                />
              </svg>
            </span>
          </span>
          <span>
            <span
              class="MuiRating-icon MuiRating-iconEmpty css-h06ynj-MuiRating-icon"
            >
              <svg
                aria-hidden="true"
                class="MuiSvgIcon-root MuiSvgIcon-fontSizeInherit css-8hoymy-MuiSvgIcon-root"
                data-testid="StarIcon"
                focusable="false"
                viewBox="0 0 24 24"
              >
                <path
                  d="M12 17.27 18.18 21l-1.64-7.03L22 9.24l-7.19-.61L12 2 9.19 8.63 2 9.24l5.46 4.73L5.82 21z"
                />
              </svg>
            </span>
          </span>
        </span>
      </div>
    </div>
  </div>
</DocumentFragment>
`;
