// Jest Snapshot v1, https://goo.gl/fbAQLP

exports[`FeaturedVideoCard should match snapshot 1`] = `
<DocumentFragment>
  <div
    class="MuiPaper-root MuiPaper-elevation MuiPaper-rounded MuiPaper-elevation1 MuiCard-root custom-class css-1dub9uu-MuiPaper-root-MuiCard-root-FeaturedVideoCardContainer-root"
    data-testid="video-card"
    style="--Paper-shadow: var(--mui-shadows-1); --Paper-overlay: var(--mui-overlays-1);"
  >
    <div
      class="MuiCardContent-root css-1lt5qva-MuiCardContent-root"
    >
      <img
        alt="Sample Video Title"
        data-nimg="1"
        decoding="async"
        height="192"
        loading="lazy"
        src="/_next/image?url=https%3A%2F%2Fexample.com%2Fsample.jpg&w=828&q=75"
        srcset="/_next/image?url=https%3A%2F%2Fexample.com%2Fsample.jpg&w=640&q=75 1x, /_next/image?url=https%3A%2F%2Fexample.com%2Fsample.jpg&w=828&q=75 2x"
        style="color: transparent;"
        width="400"
      />
      <div
        class="video-detail MuiBox-root css-0"
      >
        <div
          class="MuiTypography-root MuiTypography-h3 css-1udo365-MuiTypography-root"
          title="Sample Video Title"
        >
          Sample Video Title
        </div>
        <p
          class="MuiTypography-root MuiTypography-body2 organizer-name css-ljgvyt-MuiTypography-root"
          data-testid="video-card-organizer"
        >
          Sample Video Organizer
        </p>
        <p
          class="MuiTypography-root MuiTypography-body2 date-time css-ljgvyt-MuiTypography-root"
          data-testid="video-card-date-time"
        >
          Jan 01, 2024
        </p>
        <p
          class="MuiTypography-root MuiTypography-body2 video-description css-ljgvyt-MuiTypography-root"
          data-testid="video-description"
        >
          Sample video description
        </p>
      </div>
    </div>
  </div>
</DocumentFragment>
`;
