// Jest Snapshot v1, https://goo.gl/fbAQLP

exports[`Sidebar Component should match snapshot 1`] = `
<DocumentFragment>
  <nav
    aria-label="Video navigation sidebar"
    class="css-4kypo5"
    data-testid="sidebar-container"
  >
    <div
      class="MuiStack-root css-ujfjh4-MuiStack-root-MenuStack-root"
    >
      <ul
        aria-label="Video playlists"
        class="MuiList-root MuiList-padding css-18jbpcj-MuiList-root"
        role="menu"
        tabindex="-1"
      >
        <a
          aria-current="page"
          class="MuiButtonBase-root MuiMenuItem-root MuiMenuItem-gutters Mui-selected MuiMenuItem-root MuiMenuItem-gutters Mui-selected css-19f1w6o-MuiButtonBase-root-MuiMenuItem-root"
          data-testid="sidebar-item-All"
          href="/videos"
          role="menuitem"
          tabindex="0"
        >
          <img
            alt="sidebar item icon"
            aria-hidden="true"
            data-nimg="1"
            decoding="async"
            height="12"
            loading="lazy"
            src="/assets/images/sidebar-item-icon.svg"
            style="color: transparent;"
            width="18"
          />
          <p
            class="MuiTypography-root MuiTypography-bodySmall css-fmwgzn-MuiTypography-root"
            title="All videos"
          >
            All videos
          </p>
        </a>
        <a
          class="MuiButtonBase-root MuiMenuItem-root MuiMenuItem-gutters MuiMenuItem-root MuiMenuItem-gutters css-19f1w6o-MuiButtonBase-root-MuiMenuItem-root"
          data-testid="sidebar-item-Test-1"
          href="/videos?playlist=Test-1"
          role="menuitem"
          tabindex="-1"
        >
          <img
            alt="sidebar item icon"
            aria-hidden="true"
            data-nimg="1"
            decoding="async"
            height="12"
            loading="lazy"
            src="/assets/images/sidebar-item-icon.svg"
            style="color: transparent;"
            width="18"
          />
          <p
            class="MuiTypography-root MuiTypography-bodySmall css-fmwgzn-MuiTypography-root"
            title="Test-1"
          >
            Test-1
          </p>
        </a>
        <a
          class="MuiButtonBase-root MuiMenuItem-root MuiMenuItem-gutters MuiMenuItem-root MuiMenuItem-gutters css-19f1w6o-MuiButtonBase-root-MuiMenuItem-root"
          data-testid="sidebar-item-Test-2"
          href="/videos?playlist=Test-2"
          role="menuitem"
          tabindex="-1"
        >
          <img
            alt="sidebar item icon"
            aria-hidden="true"
            data-nimg="1"
            decoding="async"
            height="12"
            loading="lazy"
            src="/assets/images/sidebar-item-icon.svg"
            style="color: transparent;"
            width="18"
          />
          <p
            class="MuiTypography-root MuiTypography-bodySmall css-fmwgzn-MuiTypography-root"
            title="Test-2"
          >
            Test-2
          </p>
        </a>
        <a
          class="MuiButtonBase-root MuiMenuItem-root MuiMenuItem-gutters MuiMenuItem-root MuiMenuItem-gutters css-19f1w6o-MuiButtonBase-root-MuiMenuItem-root"
          data-testid="sidebar-item-Test-3"
          href="/videos?playlist=Test-3"
          role="menuitem"
          tabindex="-1"
        >
          <img
            alt="sidebar item icon"
            aria-hidden="true"
            data-nimg="1"
            decoding="async"
            height="12"
            loading="lazy"
            src="/assets/images/sidebar-item-icon.svg"
            style="color: transparent;"
            width="18"
          />
          <p
            class="MuiTypography-root MuiTypography-bodySmall css-fmwgzn-MuiTypography-root"
            title="Test-3"
          >
            Test-3
          </p>
        </a>
      </ul>
      <div
        aria-label="Video tags"
        class="MuiBox-root css-1gpn19b-TagsContainer-root"
        data-testid="sidebar-tags"
        role="list"
      >
        <a
          aria-pressed="false"
          class="MuiButtonBase-root MuiChip-root MuiChip-outlined MuiChip-sizeSmall MuiChip-colorDefault MuiChip-clickable MuiChip-clickableColorDefault MuiChip-outlinedDefault css-mtehtf-MuiButtonBase-root-MuiChip-root"
          data-testid="sidebar-tags-Test-1"
          href="/videos?tag=Test-1"
          role="button"
          tabindex="0"
        >
          <span
            class="MuiChip-label MuiChip-labelSmall css-19m61dl-MuiChip-label"
          >
            #Test-1
          </span>
        </a>
        <a
          aria-pressed="false"
          class="MuiButtonBase-root MuiChip-root MuiChip-outlined MuiChip-sizeSmall MuiChip-colorDefault MuiChip-clickable MuiChip-clickableColorDefault MuiChip-outlinedDefault css-mtehtf-MuiButtonBase-root-MuiChip-root"
          data-testid="sidebar-tags-Test-2"
          href="/videos?tag=Test-2"
          role="button"
          tabindex="0"
        >
          <span
            class="MuiChip-label MuiChip-labelSmall css-19m61dl-MuiChip-label"
          >
            #Test-2
          </span>
        </a>
        <a
          aria-pressed="false"
          class="MuiButtonBase-root MuiChip-root MuiChip-outlined MuiChip-sizeSmall MuiChip-colorDefault MuiChip-clickable MuiChip-clickableColorDefault MuiChip-outlinedDefault css-mtehtf-MuiButtonBase-root-MuiChip-root"
          data-testid="sidebar-tags-Test-3"
          href="/videos?tag=Test-3"
          role="button"
          tabindex="0"
        >
          <span
            class="MuiChip-label MuiChip-labelSmall css-19m61dl-MuiChip-label"
          >
            #Test-3
          </span>
        </a>
      </div>
    </div>
  </nav>
</DocumentFragment>
`;
