// Jest Snapshot v1, https://goo.gl/fbAQLP

exports[`Sidebar Component should match snapshot 1`] = `
<DocumentFragment>
  <div
    class="MuiBox-root css-cd9kc0-SidebarContainer-root"
    data-testid="sidebar-container"
  >
    <div
      class="MuiStack-root css-ujfjh4-MuiStack-root-MenuStack-root"
    >
      <div
        class="MuiBox-root css-3a3hw0"
      >
        <div
          class="MuiStack-root css-16x1c2h-MuiStack-root-MenuItem-root"
          data-testid="sidebar-item-All"
        >
          <img
            alt="All"
            data-nimg="1"
            decoding="async"
            height="12"
            loading="lazy"
            src="/assets/images/sidebar-item-icon.svg"
            style="color: transparent;"
            width="18"
          />
          <p
            class="MuiTypography-root MuiTypography-bodyMedium css-rudw3m-MuiTypography-root-Text-root"
          >
            All
          </p>
        </div>
        <div
          class="MuiStack-root css-okam97-MuiStack-root-MenuItem-root"
          data-testid="sidebar-item-Test-1"
        >
          <img
            alt="Test-1"
            data-nimg="1"
            decoding="async"
            height="12"
            loading="lazy"
            src="/assets/images/sidebar-item-icon.svg"
            style="color: transparent;"
            width="18"
          />
          <p
            class="MuiTypography-root MuiTypography-bodyMedium css-rudw3m-MuiTypography-root-Text-root"
          >
            Test-1
          </p>
        </div>
        <div
          class="MuiStack-root css-okam97-MuiStack-root-MenuItem-root"
          data-testid="sidebar-item-Test-2"
        >
          <img
            alt="Test-2"
            data-nimg="1"
            decoding="async"
            height="12"
            loading="lazy"
            src="/assets/images/sidebar-item-icon.svg"
            style="color: transparent;"
            width="18"
          />
          <p
            class="MuiTypography-root MuiTypography-bodyMedium css-rudw3m-MuiTypography-root-Text-root"
          >
            Test-2
          </p>
        </div>
        <div
          class="MuiStack-root css-okam97-MuiStack-root-MenuItem-root"
          data-testid="sidebar-item-Test-3"
        >
          <img
            alt="Test-3"
            data-nimg="1"
            decoding="async"
            height="12"
            loading="lazy"
            src="/assets/images/sidebar-item-icon.svg"
            style="color: transparent;"
            width="18"
          />
          <p
            class="MuiTypography-root MuiTypography-bodyMedium css-rudw3m-MuiTypography-root-Text-root"
          >
            Test-3
          </p>
        </div>
      </div>
      <div
        class="MuiBox-root css-sa4rw2-TagsContainer-root"
        data-testid="sidebar-tags"
      >
        <div
          class="MuiButtonBase-root MuiChip-root MuiChip-filled MuiChip-sizeSmall MuiChip-colorDefault MuiChip-clickable MuiChip-clickableColorDefault MuiChip-filledDefault css-1xt245r-MuiButtonBase-root-MuiChip-root"
          data-testid="sidebar-tags-All"
          role="button"
          tabindex="0"
        >
          <span
            class="MuiChip-label MuiChip-labelSmall css-eccknh-MuiChip-label"
          >
            All
          </span>
        </div>
        <div
          class="MuiButtonBase-root MuiChip-root MuiChip-outlined MuiChip-sizeSmall MuiChip-colorDefault MuiChip-clickable MuiChip-clickableColorDefault MuiChip-outlinedDefault css-mtehtf-MuiButtonBase-root-MuiChip-root"
          data-testid="sidebar-tags-Test-1"
          role="button"
          tabindex="0"
        >
          <span
            class="MuiChip-label MuiChip-labelSmall css-19m61dl-MuiChip-label"
          >
            Test-1
          </span>
        </div>
        <div
          class="MuiButtonBase-root MuiChip-root MuiChip-outlined MuiChip-sizeSmall MuiChip-colorDefault MuiChip-clickable MuiChip-clickableColorDefault MuiChip-outlinedDefault css-mtehtf-MuiButtonBase-root-MuiChip-root"
          data-testid="sidebar-tags-Test-2"
          role="button"
          tabindex="0"
        >
          <span
            class="MuiChip-label MuiChip-labelSmall css-19m61dl-MuiChip-label"
          >
            Test-2
          </span>
        </div>
        <div
          class="MuiButtonBase-root MuiChip-root MuiChip-outlined MuiChip-sizeSmall MuiChip-colorDefault MuiChip-clickable MuiChip-clickableColorDefault MuiChip-outlinedDefault css-mtehtf-MuiButtonBase-root-MuiChip-root"
          data-testid="sidebar-tags-Test-3"
          role="button"
          tabindex="0"
        >
          <span
            class="MuiChip-label MuiChip-labelSmall css-19m61dl-MuiChip-label"
          >
            Test-3
          </span>
        </div>
      </div>
    </div>
  </div>
</DocumentFragment>
`;
